# Карта владения: OWNER <TAB> GLOB
# Первое совпадение выигрывает, поэтому частные правила идут выше общих.
# Проверяется скриптом plan/tools/check-plan.py:
#   - каждый файл в репозитории матчится ровно одним владельцем
#   - в git-истории ни один файл не трогали два разных автора

# ---------- S1 — backend core, БД, интегратор ----------
# --- переходные файлы: существуют часть семестра и удаляются, когда вытеснены.
# Они не попадают в финальный репозиторий, но владелец у них такой же обязательный.
S1	api/internal/api/handlers_dev.go
S1	api/internal/api/handlers_health.go
S1	api/internal/api/fixtures_test.go
S1	api/internal/config/env.go
S1	api/internal/email/console.go
S1	api/internal/store/reports.go
S1	db/init/03_sample.sql
S1	db/tests/00_smoke.sql
S1	db/tests/02_tables.sql
S1	db/tests/07_temp_checks.sql
S2	api/internal/store/inventory.go
S2	api/internal/api/handlers_inventory.go
S3	web/src/lib/mock-data.ts
S3	web/src/lib/format.ts
S3	web/src/lib/env.ts
S3	web/src/components/ui/spinner.tsx
S3	web/src/components/ui/toast.tsx
S3	web/src/components/order-list.tsx
S4	api/internal/store/guests.go
S4	web/src/middleware.ts
S4	web/src/components/stats-panel.tsx
S4	web/src/app/api/health/route.ts
S4	web/src/app/(app)/dashboard/analytics/page.tsx
S5	mobile/app/scanner.tsx
S5	mobile/lib/mock-tickets.ts
S5	mobile/lib/api-mock.ts
S5	mobile/lib/storage.ts
S5	docs/api-notes.md
S5	docs/schema-draft.md
S5	docs/decisions.md
S5	.github/workflows/lint.yml

S1	db/*
S1	api/internal/auth/*
S1	api/internal/config/*
S1	api/internal/httpx/*
S1	api/internal/database/*
S1	api/internal/email/*
S1	api/internal/testutil/*
S1	api/cmd/*
S1	api/go.mod
S1	api/go.sum
S1	api/internal/store/store.go
S1	api/internal/store/users.go
S1	api/internal/store/tokens.go
S1	api/internal/store/profiles.go
S1	api/internal/store/audit.go
S1	api/internal/store/admin.go
S1	api/internal/store/moderation.go
S1	api/internal/store/notifications.go
S1	api/internal/store/store_test.go
S1	api/internal/api/server.go
S1	api/internal/api/middleware.go
S1	api/internal/api/validate.go
S1	api/internal/api/money.go
S1	api/internal/api/notify.go
S1	api/internal/api/handlers_auth.go
S1	api/internal/api/handlers_account.go
S1	api/internal/api/handlers_profile.go
S1	api/internal/api/handlers_admin.go
S1	api/internal/api/handlers_admin_portal.go
S1	api/internal/api/handlers_admin_users.go
S1	api/internal/api/handlers_moderation.go
S1	api/internal/api/main_test.go
S1	api/internal/api/auth_test.go
S1	api/internal/api/account_test.go
S1	api/internal/api/profile_test.go
S1	api/internal/api/admin_users_test.go
S1	api/internal/api/moderation_test.go
S1	api/internal/api/portal_test.go
S1	api/internal/api/routing_test.go
S1	api/internal/api/notifications_test.go
S1	plan/*

# ---------- S2 — backend commerce ----------
S2	api/internal/ticketpdf/*
S2	api/internal/calendar/*
S2	api/internal/store/events.go
S2	api/internal/store/slug.go
S2	api/internal/store/ticket_types.go
S2	api/internal/store/checkout.go
S2	api/internal/store/holds.go
S2	api/internal/store/seating.go
S2	api/internal/store/activation.go
S2	api/internal/store/campaigns.go
S2	api/internal/store/refunds.go
S2	api/internal/store/cancellations.go
S2	api/internal/store/tickets.go
S2	api/internal/store/duplicate.go
S2	api/internal/store/my_orders.go
S2	api/internal/store/slug_test.go
# критерии приёмки фаз — исполняемая форма спецификаций 1.md–10.md, зона QA
S5	api/internal/api/criteria_test.go
S5	api/internal/api/phase10_test.go
S5	api/internal/api/phase12_test.go
S2	api/internal/api/handlers_events.go
S2	api/internal/api/handlers_ticket_types.go
S2	api/internal/api/handlers_checkout.go
S2	api/internal/api/handlers_holds.go
S2	api/internal/api/handlers_seating.go
S2	api/internal/api/handlers_activation.go
S2	api/internal/api/handlers_campaigns.go
S2	api/internal/api/handlers_promo.go
S2	api/internal/api/handlers_refunds.go
S2	api/internal/api/handlers_cancellations.go
S2	api/internal/api/handlers_tickets.go
S2	api/internal/api/handlers_my_orders.go
S2	api/internal/api/handlers_public.go
S2	api/internal/api/handlers_uploads.go
S2	api/internal/api/handlers_calendar.go
S2	api/internal/api/events_test.go
S2	api/internal/api/ticket_types_test.go
S2	api/internal/api/checkout_test.go
S2	api/internal/api/holds_test.go
S2	api/internal/api/seating_test.go
S2	api/internal/api/activation_test.go
S2	api/internal/api/campaigns_test.go
S2	api/internal/api/refunds_test.go
S2	api/internal/api/cancellations_test.go
S2	api/internal/api/tickets_test.go
S2	api/internal/api/my_orders_test.go
S2	api/internal/api/criteria_test.go
S2	api/internal/api/phase10_test.go
S2	api/internal/api/phase12_test.go
S2	api/README.md

# ---------- S3 — web для зрителя, веб-интегратор ----------
S3	web/src/app/events/*
S3	web/src/app/orders/*
S3	web/src/app/(auth)/*
S3	web/src/app/api/locale/*
S3	web/src/app/layout.tsx
S3	web/src/app/page.tsx
S3	web/src/app/error.tsx
S3	web/src/app/not-found.tsx
S3	web/src/app/globals.css
S3	web/src/app/favicon.ico
S3	web/src/components/ui/*
S3	web/src/components/checkout-dialog.tsx
S3	web/src/components/promo-box.tsx
S3	web/src/components/seat-map.tsx
S3	web/src/components/seat-checkout.tsx
S3	web/src/components/seated-purchase.tsx
S3	web/src/components/ticket-card.tsx
S3	web/src/components/event-card.tsx
S3	web/src/components/language-switcher.tsx
S3	web/src/components/order-support.tsx
S3	web/src/lib/api.ts
S3	web/src/lib/types.ts
S3	web/src/lib/money.ts
S3	web/src/lib/money.test.ts
S3	web/src/lib/datetime.ts
S3	web/src/lib/datetime.test.ts
S3	web/src/lib/support.ts
S3	web/src/lib/i18n/*

# ---------- S4 — web организатора и админа, аналитика, поддержка ----------
S4	web/src/app/(app)/*
S4	web/src/app/api/auth/*
S4	web/src/app/api/proxy/*
S4	web/src/proxy.ts
S4	web/src/lib/analytics.ts
S4	web/src/lib/analytics-config.ts
S4	web/src/lib/auth-context.tsx
S4	web/src/lib/session.ts
S4	web/src/lib/server-session.ts
S4	web/src/components/*
S4	api/internal/store/analytics.go
S4	api/internal/store/support.go
S4	api/internal/store/attendees.go
S4	api/internal/api/handlers_analytics.go
S4	api/internal/api/handlers_support.go
S4	api/internal/api/handlers_attendees.go
S4	api/internal/api/analytics_test.go
S4	api/internal/api/support_test.go
S4	api/internal/api/reserved_counts_test.go
S4	api/internal/api/payout_figures_test.go

# ---------- S5 — mobile, QA, DevOps ----------
S5	mobile/*
S5	web/e2e/*
S5	api/internal/store/checkin.go
S5	api/internal/store/staff.go
S5	api/internal/store/offline.go
S5	api/internal/api/handlers_checkin.go
S5	api/internal/api/handlers_staff.go
S5	api/internal/api/handlers_offline.go
S5	api/internal/api/checkin_test.go
S5	api/internal/api/offline_test.go
S5	api/scripts/*
S5	docs/*
S5	.github/*
S5	Makefile
S5	docker-compose.yml
S5	api/Dockerfile
S5	api/.dockerignore
S5	web/Dockerfile
S5	web/.dockerignore
S5	web/playwright.config.ts
S5	README.md
S5	.gitignore
S5	.env.example
S5	bilet.md
S5	1.md
S5	2.md
S5	3.md
S5	4.md
S5	5.md
S5	6.md
S5	7.md
S5	8.md
S5	9.md
S5	10.md

# ---------- каркас и конфиги сборки веба — S3 (он поднимал Next в Ф1) ----------
S3	web/package.json
S3	web/package-lock.json
S3	web/next.config.ts
S3	web/tsconfig.json
S3	web/eslint.config.mjs
S3	web/postcss.config.mjs
S3	web/vitest.config.mts
S3	web/vitest.setup.ts
S3	web/README.md
S3	web/.gitignore
S3	web/AGENTS.md
S3	web/CLAUDE.md
